eeschema (2013-07-07 BZR 4022)-stable  >> Creation date: 1/15/2014 1:47:43 PM
#Cmp ( order = Reference )
| D1         LED         
| D2         LED         
| D3         LED         
| D4         LED         
| D5         LED         
| D6         LED         
| D7         LED         
| D8         LED         
| D9         LED         
| D10        LED         
| D11        LED         
| D12        LED         
| D13        LED         
| D14        LED         
| D15        LED         
| D16        LED         
| K1         RELAY_SPDT  
| K2         RELAY_SPDT  
| K3         RELAY_SPDT  
| K4         RELAY_SPDT  
| K5         RELAY_SPDT  
| K6         RELAY_SPDT  
| K7         RELAY_SPDT  
| K8         RELAY_SPDT  
| K9         RELAY_SPDT  
| K10        RELAY_SPDT  
| K11        RELAY_SPDT  
| K12        RELAY_SPDT  
| K13        RELAY_SPDT  
| K14        RELAY_SPDT  
| K15        RELAY_SPDT  
| K16        RELAY_SPDT  
| P1         DIL6        
| P2         CONN_5      
| P4         DIL32       
| R1         10K         
| R2         10K         
| R3         10K         
| R4         5K          
| R5         5K          
| R6         5K          
| R7         5K          
| R8         5K          
| R9         5K          
| R10        5K          
| R11        5K          
| R12        5K          
| R13        5K          
| R14        5K          
| R15        5K          
| R16        5K          
| R17        5K          
| R18        5K          
| R19        5K          
| U1         MCP23017    
| U2         ULN2803     
| U3         ULN2803     
#End Cmp

#Cmp ( order = Value )
| LED          D1        
| LED          D2        
| LED          D3        
| LED          D4        
| LED          D5        
| LED          D6        
| LED          D7        
| LED          D8        
| LED          D9        
| LED          D10       
| LED          D11       
| LED          D12       
| LED          D13       
| LED          D14       
| LED          D15       
| LED          D16       
| RELAY_SPDT   K1        
| RELAY_SPDT   K2        
| RELAY_SPDT   K3        
| RELAY_SPDT   K4        
| RELAY_SPDT   K5        
| RELAY_SPDT   K6        
| RELAY_SPDT   K7        
| RELAY_SPDT   K8        
| RELAY_SPDT   K9        
| RELAY_SPDT   K10       
| RELAY_SPDT   K11       
| RELAY_SPDT   K12       
| RELAY_SPDT   K13       
| RELAY_SPDT   K14       
| RELAY_SPDT   K15       
| RELAY_SPDT   K16       
| DIL6         P1        
| CONN_5       P2        
| DIL32        P4        
| 5K           R4        
| 5K           R5        
| 5K           R6        
| 5K           R7        
| 5K           R8        
| 5K           R9        
| 5K           R10       
| 5K           R11       
| 5K           R12       
| 5K           R13       
| 5K           R14       
| 5K           R15       
| 5K           R16       
| 5K           R17       
| 5K           R18       
| 5K           R19       
| 10K          R1        
| 10K          R2        
| 10K          R3        
| MCP23017     U1        
| ULN2803      U2        
| ULN2803      U3        
#End Cmp

#End List
